<html>
<body>
<pre>
<h1>礦ision Build Log</h1>
<h2>Tool Versions:</h2>
IDE-Version: μVision V5.14.0.0
Copyright (C) 2015 ARM Ltd and ARM Germany GmbH. All rights reserved.
License Information: nb nb, nb, LIC=47GU5-GTPUA-IIR5V-P26KS-8HHES-X48YP
 
Tool Versions:
Toolchain:       MDK-ARM Standard  Version: 5.14.0.0
Toolchain Path:  D:\Keil_v5\ARM\ARMCC\Bin
C Compiler:      Armcc.exe V5.05 update 1 (build 106)
Assembler:       Armasm.exe V5.05 update 1 (build 106)
Linker/Locator:  ArmLink.exe V5.05 update 1 (build 106)
Library Manager: ArmAr.exe V5.05 update 1 (build 106)
Hex Converter:   FromElf.exe V5.05 update 1 (build 106)
CPU DLL:         SARMCM3.DLL V5.14.0.0
Dialog DLL:      DCM.DLL V1.13.1.0
Target DLL:      STLink\ST-LINKIII-KEIL_SWO.dll V2.0.14.0_KEIL
Dialog DLL:      TCM.DLL V1.14.4.0
 
<h2>Project:</h2>
D:\新生项目\Car001\Car001\MDK-ARM\Car001.uvprojx
Project File Date:  04/20/2024

<h2>Output:</h2>
Build target 'Car001'
assembling startup_stm32f103xb.s...
compiling main.c...
../Core/Src/main.c(59): warning:  #188-D: enumerated type mixed with another type
                        HAL_GPIO_WritePin(GPIOA,GPIO_PIN_4,0);
../Core/Src/main.c(60): warning:  #188-D: enumerated type mixed with another type
                        HAL_GPIO_WritePin(GPIOA,GPIO_PIN_3,1);
../Core/Src/main.c(65): warning:  #188-D: enumerated type mixed with another type
                        HAL_GPIO_WritePin(GPIOA,GPIO_PIN_4,0);
../Core/Src/main.c(66): warning:  #188-D: enumerated type mixed with another type
                        HAL_GPIO_WritePin(GPIOA,GPIO_PIN_3,0);
../Core/Src/main.c(71): warning:  #188-D: enumerated type mixed with another type
                        HAL_GPIO_WritePin(GPIOA,GPIO_PIN_4,1);
../Core/Src/main.c(72): warning:  #188-D: enumerated type mixed with another type
                        HAL_GPIO_WritePin(GPIOA,GPIO_PIN_3,0);
../Core/Src/main.c(84): warning:  #188-D: enumerated type mixed with another type
                        HAL_GPIO_WritePin(GPIOA,GPIO_PIN_2,0);
../Core/Src/main.c(85): warning:  #188-D: enumerated type mixed with another type
                        HAL_GPIO_WritePin(GPIOA,GPIO_PIN_1,1);
../Core/Src/main.c(90): warning:  #188-D: enumerated type mixed with another type
                        HAL_GPIO_WritePin(GPIOA,GPIO_PIN_2,0);
../Core/Src/main.c(91): warning:  #188-D: enumerated type mixed with another type
                        HAL_GPIO_WritePin(GPIOA,GPIO_PIN_1,0);
../Core/Src/main.c(96): warning:  #188-D: enumerated type mixed with another type
                        HAL_GPIO_WritePin(GPIOA,GPIO_PIN_2,1);
../Core/Src/main.c(97): warning:  #188-D: enumerated type mixed with another type
                        HAL_GPIO_WritePin(GPIOA,GPIO_PIN_1,0);
../Core/Src/main.c(109): warning:  #188-D: enumerated type mixed with another type
                        HAL_GPIO_WritePin(GPIOB,GPIO_PIN_4,0);
../Core/Src/main.c(110): warning:  #188-D: enumerated type mixed with another type
                        HAL_GPIO_WritePin(GPIOB,GPIO_PIN_3,1);
../Core/Src/main.c(115): warning:  #188-D: enumerated type mixed with another type
                        HAL_GPIO_WritePin(GPIOB,GPIO_PIN_4,0);
../Core/Src/main.c(116): warning:  #188-D: enumerated type mixed with another type
                        HAL_GPIO_WritePin(GPIOB,GPIO_PIN_3,0);
../Core/Src/main.c(121): warning:  #188-D: enumerated type mixed with another type
                        HAL_GPIO_WritePin(GPIOB,GPIO_PIN_4,1);
../Core/Src/main.c(122): warning:  #188-D: enumerated type mixed with another type
                        HAL_GPIO_WritePin(GPIOB,GPIO_PIN_3,0);
../Core/Src/main.c(134): warning:  #188-D: enumerated type mixed with another type
                        HAL_GPIO_WritePin(GPIOB,GPIO_PIN_6,0);
../Core/Src/main.c(135): warning:  #188-D: enumerated type mixed with another type
                        HAL_GPIO_WritePin(GPIOB,GPIO_PIN_5,1);
../Core/Src/main.c(140): warning:  #188-D: enumerated type mixed with another type
                        HAL_GPIO_WritePin(GPIOB,GPIO_PIN_6,0);
../Core/Src/main.c(141): warning:  #188-D: enumerated type mixed with another type
                        HAL_GPIO_WritePin(GPIOB,GPIO_PIN_5,0);
../Core/Src/main.c(146): warning:  #188-D: enumerated type mixed with another type
                        HAL_GPIO_WritePin(GPIOB,GPIO_PIN_6,1);
../Core/Src/main.c(147): warning:  #188-D: enumerated type mixed with another type
                        HAL_GPIO_WritePin(GPIOB,GPIO_PIN_5,0);
../Core/Src/main.c: 24 warnings, 0 errors
compiling gpio.c...
compiling tim.c...
compiling stm32f1xx_it.c...
compiling stm32f1xx_hal_msp.c...
compiling stm32f1xx_hal_gpio_ex.c...
compiling stm32f1xx_hal_tim.c...
compiling stm32f1xx_hal_tim_ex.c...
compiling stm32f1xx_hal.c...
compiling stm32f1xx_hal_rcc.c...
compiling stm32f1xx_hal_rcc_ex.c...
compiling stm32f1xx_hal_gpio.c...
compiling stm32f1xx_hal_dma.c...
compiling stm32f1xx_hal_cortex.c...
compiling stm32f1xx_hal_pwr.c...
compiling stm32f1xx_hal_flash.c...
compiling stm32f1xx_hal_flash_ex.c...
compiling stm32f1xx_hal_exti.c...
compiling system_stm32f1xx.c...
linking...
Program Size: Code=4788 RO-data=304 RW-data=16 ZI-data=1704  
FromELF: creating hex file...
"Car001\Car001.axf" - 0 Error(s), 24 Warning(s).

<h2>Software Packages used:</h2>

Package Vendor: ARM
                http://www.keil.com/pack/ARM.CMSIS.4.2.0.pack
                ARM::CMSIS:CORE:3.40.0
                CMSIS (Cortex Microcontroller Software Interface Standard)
   * Component: CORE Version: 3.40.0

<h2>Collection of Component include folders:</h2>
  D:\新生项目\Car001\Car001\MDK-ARM\RTE
  D:\Keil_v5\ARM\PACK\ARM\CMSIS\4.2.0\CMSIS\Include
  D:\Keil_v5\ARM\PACK\Keil\STM32F1xx_DFP\2.2.0

<h2>Collection of Component Files used:</h2>

   * Component: ARM::CMSIS:CORE:3.40.0
      Source file:   CMSIS\UserCodeTemplates\ARM\ITM_Retarget.c
</pre>
</body>
</html>
